// Vitest Snapshot v1, https://vitest.dev/guide/snapshot.html

exports[`snapshot when nothing in cart 1`] = `
<DocumentFragment>
  <div
    class="cart"
  >
    <h2>
      Cart
    </h2>
    <ul />
    <p>
      Total:â‚¹0.00
    </p>
    <button>
      checkout
    </button>
  </div>
</DocumentFragment>
`;
